MPLINK 4.49, Linker
Linker Map File - Created Sat Jul 16 15:45:49 2022

                                 Section Info
                  Section       Type    Address   Location Size(Bytes)
                ---------  ---------  ---------  ---------  ---------
                   .org_0       code   0x000000    program   0x000000
                   .org_1       code   0x000000    program   0x000002
                   .org_2       code   0x000004    program   0x00030c
      .config_2007_MAIN.O       code   0x002007    program   0x000002
                   .org_3       code   0x002100    program   0x000002



                              Program Memory Usage 
                               Start         End      
                           ---------   ---------      
                            0x000000    0x000000      
                            0x000004    0x000189      
                            0x002007    0x002007      
                            0x002100    0x002100      
            393 out of 1158 program addresses used, program memory utilization is 33%



                              Symbols - Sorted by Name
                     Name    Address   Location    Storage File                     
                ---------  ---------  ---------  --------- ---------                
                   ACERTA   0x000071    program     static G:\Pasta_300GB_P1\1- Salvados HDD 7K314\P10 painel led\2022\Controle_RF_433\Controle_RF_433_3btn_HT6P20B_mplab_v8\main.asm
                  ACIONAR   0x0000f2    program     static G:\Pasta_300GB_P1\1- Salvados HDD 7K314\P10 painel led\2022\Controle_RF_433\Controle_RF_433_3btn_HT6P20B_mplab_v8\main.asm
                  AGUARDE   0x00013c    program     static G:\Pasta_300GB_P1\1- Salvados HDD 7K314\P10 painel led\2022\Controle_RF_433\Controle_RF_433_3btn_HT6P20B_mplab_v8\main.asm
              APAGAEEPROM   0x000167    program     static G:\Pasta_300GB_P1\1- Salvados HDD 7K314\P10 painel led\2022\Controle_RF_433\Controle_RF_433_3btn_HT6P20B_mplab_v8\main.asm
                 APRENDER   0x0000cf    program     static G:\Pasta_300GB_P1\1- Salvados HDD 7K314\P10 painel led\2022\Controle_RF_433\Controle_RF_433_3btn_HT6P20B_mplab_v8\main.asm
                     AÇÃO   0x0000a5    program     static G:\Pasta_300GB_P1\1- Salvados HDD 7K314\P10 painel led\2022\Controle_RF_433\Controle_RF_433_3btn_HT6P20B_mplab_v8\main.asm
                      CG1   0x000183    program     static G:\Pasta_300GB_P1\1- Salvados HDD 7K314\P10 painel led\2022\Controle_RF_433\Controle_RF_433_3btn_HT6P20B_mplab_v8\main.asm
                      CG2   0x00013e    program     static G:\Pasta_300GB_P1\1- Salvados HDD 7K314\P10 painel led\2022\Controle_RF_433\Controle_RF_433_3btn_HT6P20B_mplab_v8\main.asm
                   DELAYM   0x000115    program     static G:\Pasta_300GB_P1\1- Salvados HDD 7K314\P10 painel led\2022\Controle_RF_433\Controle_RF_433_3btn_HT6P20B_mplab_v8\main.asm
                   EEREAD   0x00015b    program     static G:\Pasta_300GB_P1\1- Salvados HDD 7K314\P10 painel led\2022\Controle_RF_433\Controle_RF_433_3btn_HT6P20B_mplab_v8\main.asm
                  EEWRITE   0x000146    program     static G:\Pasta_300GB_P1\1- Salvados HDD 7K314\P10 painel led\2022\Controle_RF_433\Controle_RF_433_3btn_HT6P20B_mplab_v8\main.asm
                   ESPERA   0x000181    program     static G:\Pasta_300GB_P1\1- Salvados HDD 7K314\P10 painel led\2022\Controle_RF_433\Controle_RF_433_3btn_HT6P20B_mplab_v8\main.asm
                  ESPERA1   0x000159    program     static G:\Pasta_300GB_P1\1- Salvados HDD 7K314\P10 painel led\2022\Controle_RF_433\Controle_RF_433_3btn_HT6P20B_mplab_v8\main.asm
                   INICIO   0x00001b    program     static G:\Pasta_300GB_P1\1- Salvados HDD 7K314\P10 painel led\2022\Controle_RF_433\Controle_RF_433_3btn_HT6P20B_mplab_v8\main.asm
                   IS_OFF   0x000123    program     static G:\Pasta_300GB_P1\1- Salvados HDD 7K314\P10 painel led\2022\Controle_RF_433\Controle_RF_433_3btn_HT6P20B_mplab_v8\main.asm
              IS_OFF_LED1   0x000129    program     static G:\Pasta_300GB_P1\1- Salvados HDD 7K314\P10 painel led\2022\Controle_RF_433\Controle_RF_433_3btn_HT6P20B_mplab_v8\main.asm
              IS_OFF_LED2   0x00012f    program     static G:\Pasta_300GB_P1\1- Salvados HDD 7K314\P10 painel led\2022\Controle_RF_433\Controle_RF_433_3btn_HT6P20B_mplab_v8\main.asm
              IS_OFF_LED3   0x000135    program     static G:\Pasta_300GB_P1\1- Salvados HDD 7K314\P10 painel led\2022\Controle_RF_433\Controle_RF_433_3btn_HT6P20B_mplab_v8\main.asm
                    IS_ON   0x000125    program     static G:\Pasta_300GB_P1\1- Salvados HDD 7K314\P10 painel led\2022\Controle_RF_433\Controle_RF_433_3btn_HT6P20B_mplab_v8\main.asm
               IS_ON_LED1   0x00012b    program     static G:\Pasta_300GB_P1\1- Salvados HDD 7K314\P10 painel led\2022\Controle_RF_433\Controle_RF_433_3btn_HT6P20B_mplab_v8\main.asm
               IS_ON_LED2   0x000131    program     static G:\Pasta_300GB_P1\1- Salvados HDD 7K314\P10 painel led\2022\Controle_RF_433\Controle_RF_433_3btn_HT6P20B_mplab_v8\main.asm
               IS_ON_LED3   0x000137    program     static G:\Pasta_300GB_P1\1- Salvados HDD 7K314\P10 painel led\2022\Controle_RF_433\Controle_RF_433_3btn_HT6P20B_mplab_v8\main.asm
                       J0   0x00005e    program     static G:\Pasta_300GB_P1\1- Salvados HDD 7K314\P10 painel led\2022\Controle_RF_433\Controle_RF_433_3btn_HT6P20B_mplab_v8\main.asm
                       L0   0x000021    program     static G:\Pasta_300GB_P1\1- Salvados HDD 7K314\P10 painel led\2022\Controle_RF_433\Controle_RF_433_3btn_HT6P20B_mplab_v8\main.asm
                       L1   0x000024    program     static G:\Pasta_300GB_P1\1- Salvados HDD 7K314\P10 painel led\2022\Controle_RF_433\Controle_RF_433_3btn_HT6P20B_mplab_v8\main.asm
                      L1H   0x00002c    program     static G:\Pasta_300GB_P1\1- Salvados HDD 7K314\P10 painel led\2022\Controle_RF_433\Controle_RF_433_3btn_HT6P20B_mplab_v8\main.asm
                     L1H2   0x00002b    program     static G:\Pasta_300GB_P1\1- Salvados HDD 7K314\P10 painel led\2022\Controle_RF_433\Controle_RF_433_3btn_HT6P20B_mplab_v8\main.asm
                       L2   0x00004b    program     static G:\Pasta_300GB_P1\1- Salvados HDD 7K314\P10 painel led\2022\Controle_RF_433\Controle_RF_433_3btn_HT6P20B_mplab_v8\main.asm
                      LA1   0x000052    program     static G:\Pasta_300GB_P1\1- Salvados HDD 7K314\P10 painel led\2022\Controle_RF_433\Controle_RF_433_3btn_HT6P20B_mplab_v8\main.asm
                      LA2   0x000055    program     static G:\Pasta_300GB_P1\1- Salvados HDD 7K314\P10 painel led\2022\Controle_RF_433\Controle_RF_433_3btn_HT6P20B_mplab_v8\main.asm
               LED0BLINK0   0x00011a    program     static G:\Pasta_300GB_P1\1- Salvados HDD 7K314\P10 painel led\2022\Controle_RF_433\Controle_RF_433_3btn_HT6P20B_mplab_v8\main.asm
                       M0   0x000063    program     static G:\Pasta_300GB_P1\1- Salvados HDD 7K314\P10 painel led\2022\Controle_RF_433\Controle_RF_433_3btn_HT6P20B_mplab_v8\main.asm
                 MADDRESS   0x0000b7    program     static G:\Pasta_300GB_P1\1- Salvados HDD 7K314\P10 painel led\2022\Controle_RF_433\Controle_RF_433_3btn_HT6P20B_mplab_v8\main.asm
                      PPT   0x000139    program     static G:\Pasta_300GB_P1\1- Salvados HDD 7K314\P10 painel led\2022\Controle_RF_433\Controle_RF_433_3btn_HT6P20B_mplab_v8\main.asm
                  PROXIMO   0x0000c9    program     static G:\Pasta_300GB_P1\1- Salvados HDD 7K314\P10 painel led\2022\Controle_RF_433\Controle_RF_433_3btn_HT6P20B_mplab_v8\main.asm
                    PULA1   0x000082    program     static G:\Pasta_300GB_P1\1- Salvados HDD 7K314\P10 painel led\2022\Controle_RF_433\Controle_RF_433_3btn_HT6P20B_mplab_v8\main.asm
                  RESETAC   0x0000a0    program     static G:\Pasta_300GB_P1\1- Salvados HDD 7K314\P10 painel led\2022\Controle_RF_433\Controle_RF_433_3btn_HT6P20B_mplab_v8\main.asm
                     RET6   0x000169    program     static G:\Pasta_300GB_P1\1- Salvados HDD 7K314\P10 painel led\2022\Controle_RF_433\Controle_RF_433_3btn_HT6P20B_mplab_v8\main.asm
                   R_CONT   0x0000b2    program     static G:\Pasta_300GB_P1\1- Salvados HDD 7K314\P10 painel led\2022\Controle_RF_433\Controle_RF_433_3btn_HT6P20B_mplab_v8\main.asm
                      SJ5   0x0000ff    program     static G:\Pasta_300GB_P1\1- Salvados HDD 7K314\P10 painel led\2022\Controle_RF_433\Controle_RF_433_3btn_HT6P20B_mplab_v8\main.asm
                      SJ6   0x000110    program     static G:\Pasta_300GB_P1\1- Salvados HDD 7K314\P10 painel led\2022\Controle_RF_433\Controle_RF_433_3btn_HT6P20B_mplab_v8\main.asm
                      SJ7   0x000108    program     static G:\Pasta_300GB_P1\1- Salvados HDD 7K314\P10 painel led\2022\Controle_RF_433\Controle_RF_433_3btn_HT6P20B_mplab_v8\main.asm
                      SS5   0x000047    program     static G:\Pasta_300GB_P1\1- Salvados HDD 7K314\P10 painel led\2022\Controle_RF_433\Controle_RF_433_3btn_HT6P20B_mplab_v8\main.asm
                    START   0x000005    program     static G:\Pasta_300GB_P1\1- Salvados HDD 7K314\P10 painel led\2022\Controle_RF_433\Controle_RF_433_3btn_HT6P20B_mplab_v8\main.asm
              TAPAGAMENTO   0x000035    program     static G:\Pasta_300GB_P1\1- Salvados HDD 7K314\P10 painel led\2022\Controle_RF_433\Controle_RF_433_3btn_HT6P20B_mplab_v8\main.asm
              TOGGLE_LED0   0x000121    program     static G:\Pasta_300GB_P1\1- Salvados HDD 7K314\P10 painel led\2022\Controle_RF_433\Controle_RF_433_3btn_HT6P20B_mplab_v8\main.asm
              TOGGLE_LED1   0x000127    program     static G:\Pasta_300GB_P1\1- Salvados HDD 7K314\P10 painel led\2022\Controle_RF_433\Controle_RF_433_3btn_HT6P20B_mplab_v8\main.asm
              TOGGLE_LED2   0x00012d    program     static G:\Pasta_300GB_P1\1- Salvados HDD 7K314\P10 painel led\2022\Controle_RF_433\Controle_RF_433_3btn_HT6P20B_mplab_v8\main.asm
              TOGGLE_LED3   0x000133    program     static G:\Pasta_300GB_P1\1- Salvados HDD 7K314\P10 painel led\2022\Controle_RF_433\Controle_RF_433_3btn_HT6P20B_mplab_v8\main.asm
               WRITE_SN_A   0x000153    program     static G:\Pasta_300GB_P1\1- Salvados HDD 7K314\P10 painel led\2022\Controle_RF_433\Controle_RF_433_3btn_HT6P20B_mplab_v8\main.asm
               WRITE_SN_C   0x000178    program     static G:\Pasta_300GB_P1\1- Salvados HDD 7K314\P10 painel led\2022\Controle_RF_433\Controle_RF_433_3btn_HT6P20B_mplab_v8\main.asm
                       XC   0x000116    program     static G:\Pasta_300GB_P1\1- Salvados HDD 7K314\P10 painel led\2022\Controle_RF_433\Controle_RF_433_3btn_HT6P20B_mplab_v8\main.asm



                              Symbols - Sorted by Address
                     Name    Address   Location    Storage File                     
                ---------  ---------  ---------  --------- ---------                
                    START   0x000005    program     static G:\Pasta_300GB_P1\1- Salvados HDD 7K314\P10 painel led\2022\Controle_RF_433\Controle_RF_433_3btn_HT6P20B_mplab_v8\main.asm
                   INICIO   0x00001b    program     static G:\Pasta_300GB_P1\1- Salvados HDD 7K314\P10 painel led\2022\Controle_RF_433\Controle_RF_433_3btn_HT6P20B_mplab_v8\main.asm
                       L0   0x000021    program     static G:\Pasta_300GB_P1\1- Salvados HDD 7K314\P10 painel led\2022\Controle_RF_433\Controle_RF_433_3btn_HT6P20B_mplab_v8\main.asm
                       L1   0x000024    program     static G:\Pasta_300GB_P1\1- Salvados HDD 7K314\P10 painel led\2022\Controle_RF_433\Controle_RF_433_3btn_HT6P20B_mplab_v8\main.asm
                     L1H2   0x00002b    program     static G:\Pasta_300GB_P1\1- Salvados HDD 7K314\P10 painel led\2022\Controle_RF_433\Controle_RF_433_3btn_HT6P20B_mplab_v8\main.asm
                      L1H   0x00002c    program     static G:\Pasta_300GB_P1\1- Salvados HDD 7K314\P10 painel led\2022\Controle_RF_433\Controle_RF_433_3btn_HT6P20B_mplab_v8\main.asm
              TAPAGAMENTO   0x000035    program     static G:\Pasta_300GB_P1\1- Salvados HDD 7K314\P10 painel led\2022\Controle_RF_433\Controle_RF_433_3btn_HT6P20B_mplab_v8\main.asm
                      SS5   0x000047    program     static G:\Pasta_300GB_P1\1- Salvados HDD 7K314\P10 painel led\2022\Controle_RF_433\Controle_RF_433_3btn_HT6P20B_mplab_v8\main.asm
                       L2   0x00004b    program     static G:\Pasta_300GB_P1\1- Salvados HDD 7K314\P10 painel led\2022\Controle_RF_433\Controle_RF_433_3btn_HT6P20B_mplab_v8\main.asm
                      LA1   0x000052    program     static G:\Pasta_300GB_P1\1- Salvados HDD 7K314\P10 painel led\2022\Controle_RF_433\Controle_RF_433_3btn_HT6P20B_mplab_v8\main.asm
                      LA2   0x000055    program     static G:\Pasta_300GB_P1\1- Salvados HDD 7K314\P10 painel led\2022\Controle_RF_433\Controle_RF_433_3btn_HT6P20B_mplab_v8\main.asm
                       J0   0x00005e    program     static G:\Pasta_300GB_P1\1- Salvados HDD 7K314\P10 painel led\2022\Controle_RF_433\Controle_RF_433_3btn_HT6P20B_mplab_v8\main.asm
                       M0   0x000063    program     static G:\Pasta_300GB_P1\1- Salvados HDD 7K314\P10 painel led\2022\Controle_RF_433\Controle_RF_433_3btn_HT6P20B_mplab_v8\main.asm
                   ACERTA   0x000071    program     static G:\Pasta_300GB_P1\1- Salvados HDD 7K314\P10 painel led\2022\Controle_RF_433\Controle_RF_433_3btn_HT6P20B_mplab_v8\main.asm
                    PULA1   0x000082    program     static G:\Pasta_300GB_P1\1- Salvados HDD 7K314\P10 painel led\2022\Controle_RF_433\Controle_RF_433_3btn_HT6P20B_mplab_v8\main.asm
                  RESETAC   0x0000a0    program     static G:\Pasta_300GB_P1\1- Salvados HDD 7K314\P10 painel led\2022\Controle_RF_433\Controle_RF_433_3btn_HT6P20B_mplab_v8\main.asm
                     AÇÃO   0x0000a5    program     static G:\Pasta_300GB_P1\1- Salvados HDD 7K314\P10 painel led\2022\Controle_RF_433\Controle_RF_433_3btn_HT6P20B_mplab_v8\main.asm
                   R_CONT   0x0000b2    program     static G:\Pasta_300GB_P1\1- Salvados HDD 7K314\P10 painel led\2022\Controle_RF_433\Controle_RF_433_3btn_HT6P20B_mplab_v8\main.asm
                 MADDRESS   0x0000b7    program     static G:\Pasta_300GB_P1\1- Salvados HDD 7K314\P10 painel led\2022\Controle_RF_433\Controle_RF_433_3btn_HT6P20B_mplab_v8\main.asm
                  PROXIMO   0x0000c9    program     static G:\Pasta_300GB_P1\1- Salvados HDD 7K314\P10 painel led\2022\Controle_RF_433\Controle_RF_433_3btn_HT6P20B_mplab_v8\main.asm
                 APRENDER   0x0000cf    program     static G:\Pasta_300GB_P1\1- Salvados HDD 7K314\P10 painel led\2022\Controle_RF_433\Controle_RF_433_3btn_HT6P20B_mplab_v8\main.asm
                  ACIONAR   0x0000f2    program     static G:\Pasta_300GB_P1\1- Salvados HDD 7K314\P10 painel led\2022\Controle_RF_433\Controle_RF_433_3btn_HT6P20B_mplab_v8\main.asm
                      SJ5   0x0000ff    program     static G:\Pasta_300GB_P1\1- Salvados HDD 7K314\P10 painel led\2022\Controle_RF_433\Controle_RF_433_3btn_HT6P20B_mplab_v8\main.asm
                      SJ7   0x000108    program     static G:\Pasta_300GB_P1\1- Salvados HDD 7K314\P10 painel led\2022\Controle_RF_433\Controle_RF_433_3btn_HT6P20B_mplab_v8\main.asm
                      SJ6   0x000110    program     static G:\Pasta_300GB_P1\1- Salvados HDD 7K314\P10 painel led\2022\Controle_RF_433\Controle_RF_433_3btn_HT6P20B_mplab_v8\main.asm
                   DELAYM   0x000115    program     static G:\Pasta_300GB_P1\1- Salvados HDD 7K314\P10 painel led\2022\Controle_RF_433\Controle_RF_433_3btn_HT6P20B_mplab_v8\main.asm
                       XC   0x000116    program     static G:\Pasta_300GB_P1\1- Salvados HDD 7K314\P10 painel led\2022\Controle_RF_433\Controle_RF_433_3btn_HT6P20B_mplab_v8\main.asm
               LED0BLINK0   0x00011a    program     static G:\Pasta_300GB_P1\1- Salvados HDD 7K314\P10 painel led\2022\Controle_RF_433\Controle_RF_433_3btn_HT6P20B_mplab_v8\main.asm
              TOGGLE_LED0   0x000121    program     static G:\Pasta_300GB_P1\1- Salvados HDD 7K314\P10 painel led\2022\Controle_RF_433\Controle_RF_433_3btn_HT6P20B_mplab_v8\main.asm
                   IS_OFF   0x000123    program     static G:\Pasta_300GB_P1\1- Salvados HDD 7K314\P10 painel led\2022\Controle_RF_433\Controle_RF_433_3btn_HT6P20B_mplab_v8\main.asm
                    IS_ON   0x000125    program     static G:\Pasta_300GB_P1\1- Salvados HDD 7K314\P10 painel led\2022\Controle_RF_433\Controle_RF_433_3btn_HT6P20B_mplab_v8\main.asm
              TOGGLE_LED1   0x000127    program     static G:\Pasta_300GB_P1\1- Salvados HDD 7K314\P10 painel led\2022\Controle_RF_433\Controle_RF_433_3btn_HT6P20B_mplab_v8\main.asm
              IS_OFF_LED1   0x000129    program     static G:\Pasta_300GB_P1\1- Salvados HDD 7K314\P10 painel led\2022\Controle_RF_433\Controle_RF_433_3btn_HT6P20B_mplab_v8\main.asm
               IS_ON_LED1   0x00012b    program     static G:\Pasta_300GB_P1\1- Salvados HDD 7K314\P10 painel led\2022\Controle_RF_433\Controle_RF_433_3btn_HT6P20B_mplab_v8\main.asm
              TOGGLE_LED2   0x00012d    program     static G:\Pasta_300GB_P1\1- Salvados HDD 7K314\P10 painel led\2022\Controle_RF_433\Controle_RF_433_3btn_HT6P20B_mplab_v8\main.asm
              IS_OFF_LED2   0x00012f    program     static G:\Pasta_300GB_P1\1- Salvados HDD 7K314\P10 painel led\2022\Controle_RF_433\Controle_RF_433_3btn_HT6P20B_mplab_v8\main.asm
               IS_ON_LED2   0x000131    program     static G:\Pasta_300GB_P1\1- Salvados HDD 7K314\P10 painel led\2022\Controle_RF_433\Controle_RF_433_3btn_HT6P20B_mplab_v8\main.asm
              TOGGLE_LED3   0x000133    program     static G:\Pasta_300GB_P1\1- Salvados HDD 7K314\P10 painel led\2022\Controle_RF_433\Controle_RF_433_3btn_HT6P20B_mplab_v8\main.asm
              IS_OFF_LED3   0x000135    program     static G:\Pasta_300GB_P1\1- Salvados HDD 7K314\P10 painel led\2022\Controle_RF_433\Controle_RF_433_3btn_HT6P20B_mplab_v8\main.asm
               IS_ON_LED3   0x000137    program     static G:\Pasta_300GB_P1\1- Salvados HDD 7K314\P10 painel led\2022\Controle_RF_433\Controle_RF_433_3btn_HT6P20B_mplab_v8\main.asm
                      PPT   0x000139    program     static G:\Pasta_300GB_P1\1- Salvados HDD 7K314\P10 painel led\2022\Controle_RF_433\Controle_RF_433_3btn_HT6P20B_mplab_v8\main.asm
                  AGUARDE   0x00013c    program     static G:\Pasta_300GB_P1\1- Salvados HDD 7K314\P10 painel led\2022\Controle_RF_433\Controle_RF_433_3btn_HT6P20B_mplab_v8\main.asm
                      CG2   0x00013e    program     static G:\Pasta_300GB_P1\1- Salvados HDD 7K314\P10 painel led\2022\Controle_RF_433\Controle_RF_433_3btn_HT6P20B_mplab_v8\main.asm
                  EEWRITE   0x000146    program     static G:\Pasta_300GB_P1\1- Salvados HDD 7K314\P10 painel led\2022\Controle_RF_433\Controle_RF_433_3btn_HT6P20B_mplab_v8\main.asm
               WRITE_SN_A   0x000153    program     static G:\Pasta_300GB_P1\1- Salvados HDD 7K314\P10 painel led\2022\Controle_RF_433\Controle_RF_433_3btn_HT6P20B_mplab_v8\main.asm
                  ESPERA1   0x000159    program     static G:\Pasta_300GB_P1\1- Salvados HDD 7K314\P10 painel led\2022\Controle_RF_433\Controle_RF_433_3btn_HT6P20B_mplab_v8\main.asm
                   EEREAD   0x00015b    program     static G:\Pasta_300GB_P1\1- Salvados HDD 7K314\P10 painel led\2022\Controle_RF_433\Controle_RF_433_3btn_HT6P20B_mplab_v8\main.asm
              APAGAEEPROM   0x000167    program     static G:\Pasta_300GB_P1\1- Salvados HDD 7K314\P10 painel led\2022\Controle_RF_433\Controle_RF_433_3btn_HT6P20B_mplab_v8\main.asm
                     RET6   0x000169    program     static G:\Pasta_300GB_P1\1- Salvados HDD 7K314\P10 painel led\2022\Controle_RF_433\Controle_RF_433_3btn_HT6P20B_mplab_v8\main.asm
               WRITE_SN_C   0x000178    program     static G:\Pasta_300GB_P1\1- Salvados HDD 7K314\P10 painel led\2022\Controle_RF_433\Controle_RF_433_3btn_HT6P20B_mplab_v8\main.asm
                   ESPERA   0x000181    program     static G:\Pasta_300GB_P1\1- Salvados HDD 7K314\P10 painel led\2022\Controle_RF_433\Controle_RF_433_3btn_HT6P20B_mplab_v8\main.asm
                      CG1   0x000183    program     static G:\Pasta_300GB_P1\1- Salvados HDD 7K314\P10 painel led\2022\Controle_RF_433\Controle_RF_433_3btn_HT6P20B_mplab_v8\main.asm


